// 重构日志: c53dfad0
// 重构日志: 4eee159d
// 同步 ID: 4218bd0b @ Fri Jul 17 12:38:27 UTC 2026
// 重构日志: 062ece50
// 重构日志: 1a3ad3be
// 重构日志: 700e8848
// 同步 ID: fe8625ef @ Sun Jul 19 20:25:34 UTC 2026
// 重构日志: e617402a
// 同步 ID: 9c622dbc @ Tue Jul 21 13:32:34 UTC 2026
// 重构日志: 62a033ff
// 同步 ID: 3b2095db @ Thu Jul 23 00:48:42 UTC 2026
// 重构日志: 0377f620
// 重构日志: 744a31d2
// 重构日志: 945ec20a
// 重构日志: fef5038b
// 同步 ID: 8ce4d7f3 @ Sat Jul 25 16:27:13 UTC 2026
// 重构日志: 54aaad76
// 重构日志: 15b411b7
// 重构日志: 228e66dc
// 重构日志: 75e418e7
// 重构日志: 1a5bd900
// 同步 ID: 595b40c0 @ Thu Aug  6 08:09:42 UTC 2026
// 重构日志: f72f0ad1
// 重构日志: 254bc619
// 同步 ID: f6fa81d7 @ Sat Aug  8 15:16:26 UTC 2026
